Analysis & Synthesis report for Lab6_PART2
Tue Apr  7 19:03:34 2026
Quartus Prime Version 25.1std.0 Build 1129 10/21/2025 SC Lite Edition


---------------------
; Table of Contents ;
---------------------
  1. Legal Notice
  2. Analysis & Synthesis Summary
  3. Analysis & Synthesis Settings
  4. Parallel Compilation
  5. Analysis & Synthesis Source Files Read
  6. Analysis & Synthesis Resource Usage Summary
  7. Analysis & Synthesis Resource Utilization by Entity
  8. Analysis & Synthesis RAM Summary
  9. Analysis & Synthesis IP Cores Summary
 10. Registers Removed During Synthesis
 11. General Register Statistics
 12. Multiplexer Restructuring Statistics (Restructuring Performed)
 13. Source assignments for Lab6_ROM:inst3|altsyncram:altsyncram_component|altsyncram_imr3:auto_generated
 14. Parameter Settings for User Entity Instance: 74161:inst1
 15. Parameter Settings for User Entity Instance: Lab6_ROM:inst3|altsyncram:altsyncram_component
 16. Parameter Settings for User Entity Instance: Lab6_RALU:inst|74283:inst25
 17. Parameter Settings for User Entity Instance: Lab6_RALU:inst|74151:inst26
 18. Parameter Settings for User Entity Instance: Lab6_RALU:inst|74151:inst27
 19. Parameter Settings for User Entity Instance: Lab6_RALU:inst|74151:inst28
 20. Parameter Settings for User Entity Instance: Lab6_RALU:inst|74151:inst29
 21. altsyncram Parameter Settings by Entity Instance
 22. Post-Synthesis Netlist Statistics for Top Partition
 23. Elapsed Time Per Partition
 24. Analysis & Synthesis Messages



----------------
; Legal Notice ;
----------------
Copyright (C) 2025  Altera Corporation. All rights reserved.
Your use of Altera Corporation's design tools, logic functions 
and other software and tools, and any partner logic 
functions, and any output files from any of the foregoing 
(including device programming or simulation files), and any 
associated documentation or information are expressly subject 
to the terms and conditions of the Altera Program License 
Subscription Agreement, the Altera Quartus Prime License Agreement,
the Altera IP License Agreement, or other applicable license
agreement, including, without limitation, that your use is for
the sole purpose of programming logic devices manufactured by
Altera and sold by Altera or its authorized distributors.  Please
refer to the Altera Software License Subscription Agreements 
on the Quartus Prime software download page.



+--------------------------------------------------------------------------------------+
; Analysis & Synthesis Summary                                                         ;
+------------------------------------+-------------------------------------------------+
; Analysis & Synthesis Status        ; Successful - Tue Apr  7 19:03:34 2026           ;
; Quartus Prime Version              ; 25.1std.0 Build 1129 10/21/2025 SC Lite Edition ;
; Revision Name                      ; Lab6_PART2                                      ;
; Top-level Entity Name              ; Lab6_PART2                                      ;
; Family                             ; MAX 10                                          ;
; Total logic elements               ; 86                                              ;
;     Total combinational functions  ; 83                                              ;
;     Dedicated logic registers      ; 18                                              ;
; Total registers                    ; 18                                              ;
; Total pins                         ; 74                                              ;
; Total virtual pins                 ; 0                                               ;
; Total memory bits                  ; 128                                             ;
; Embedded Multiplier 9-bit elements ; 0                                               ;
; Total PLLs                         ; 0                                               ;
; UFM blocks                         ; 0                                               ;
; ADC blocks                         ; 0                                               ;
+------------------------------------+-------------------------------------------------+


+------------------------------------------------------------------------------------------------------------+
; Analysis & Synthesis Settings                                                                              ;
+------------------------------------------------------------------+--------------------+--------------------+
; Option                                                           ; Setting            ; Default Value      ;
+------------------------------------------------------------------+--------------------+--------------------+
; Device                                                           ; 10M50DAF484C6GES   ;                    ;
; Top-level entity name                                            ; Lab6_PART2         ; Lab6_PART2         ;
; Family name                                                      ; MAX 10             ; Cyclone V          ;
; Use smart compilation                                            ; Off                ; Off                ;
; Enable parallel Assembler and Timing Analyzer during compilation ; On                 ; On                 ;
; Enable compact report table                                      ; Off                ; Off                ;
; Restructure Multiplexers                                         ; Auto               ; Auto               ;
; Create Debugging Nodes for IP Cores                              ; Off                ; Off                ;
; Preserve fewer node names                                        ; On                 ; On                 ;
; Intel FPGA IP Evaluation Mode                                    ; Enable             ; Enable             ;
; Verilog Version                                                  ; Verilog_2001       ; Verilog_2001       ;
; VHDL Version                                                     ; VHDL_1993          ; VHDL_1993          ;
; State Machine Processing                                         ; Auto               ; Auto               ;
; Safe State Machine                                               ; Off                ; Off                ;
; Extract Verilog State Machines                                   ; On                 ; On                 ;
; Extract VHDL State Machines                                      ; On                 ; On                 ;
; Ignore Verilog initial constructs                                ; Off                ; Off                ;
; Iteration limit for constant Verilog loops                       ; 5000               ; 5000               ;
; Iteration limit for non-constant Verilog loops                   ; 250                ; 250                ;
; Add Pass-Through Logic to Inferred RAMs                          ; On                 ; On                 ;
; Infer RAMs from Raw Logic                                        ; On                 ; On                 ;
; Parallel Synthesis                                               ; On                 ; On                 ;
; DSP Block Balancing                                              ; Auto               ; Auto               ;
; NOT Gate Push-Back                                               ; On                 ; On                 ;
; Power-Up Don't Care                                              ; On                 ; On                 ;
; Remove Redundant Logic Cells                                     ; Off                ; Off                ;
; Remove Duplicate Registers                                       ; On                 ; On                 ;
; Ignore CARRY Buffers                                             ; Off                ; Off                ;
; Ignore CASCADE Buffers                                           ; Off                ; Off                ;
; Ignore GLOBAL Buffers                                            ; Off                ; Off                ;
; Ignore ROW GLOBAL Buffers                                        ; Off                ; Off                ;
; Ignore LCELL Buffers                                             ; Off                ; Off                ;
; Ignore SOFT Buffers                                              ; On                 ; On                 ;
; Limit AHDL Integers to 32 Bits                                   ; Off                ; Off                ;
; Optimization Technique                                           ; Balanced           ; Balanced           ;
; Carry Chain Length                                               ; 70                 ; 70                 ;
; Auto Carry Chains                                                ; On                 ; On                 ;
; Auto Open-Drain Pins                                             ; On                 ; On                 ;
; Perform WYSIWYG Primitive Resynthesis                            ; Off                ; Off                ;
; Auto ROM Replacement                                             ; On                 ; On                 ;
; Auto RAM Replacement                                             ; On                 ; On                 ;
; Auto DSP Block Replacement                                       ; On                 ; On                 ;
; Auto Shift Register Replacement                                  ; Auto               ; Auto               ;
; Allow Shift Register Merging across Hierarchies                  ; Auto               ; Auto               ;
; Auto Clock Enable Replacement                                    ; On                 ; On                 ;
; Strict RAM Replacement                                           ; Off                ; Off                ;
; Allow Synchronous Control Signals                                ; On                 ; On                 ;
; Force Use of Synchronous Clear Signals                           ; Off                ; Off                ;
; Auto RAM Block Balancing                                         ; On                 ; On                 ;
; Auto RAM to Logic Cell Conversion                                ; Off                ; Off                ;
; Auto Resource Sharing                                            ; Off                ; Off                ;
; Allow Any RAM Size For Recognition                               ; Off                ; Off                ;
; Allow Any ROM Size For Recognition                               ; Off                ; Off                ;
; Allow Any Shift Register Size For Recognition                    ; Off                ; Off                ;
; Use LogicLock Constraints during Resource Balancing              ; On                 ; On                 ;
; Ignore translate_off and synthesis_off directives                ; Off                ; Off                ;
; Timing-Driven Synthesis                                          ; On                 ; On                 ;
; Report Parameter Settings                                        ; On                 ; On                 ;
; Report Source Assignments                                        ; On                 ; On                 ;
; Report Connectivity Checks                                       ; On                 ; On                 ;
; Ignore Maximum Fan-Out Assignments                               ; Off                ; Off                ;
; Synchronization Register Chain Length                            ; 2                  ; 2                  ;
; Power Optimization During Synthesis                              ; Normal compilation ; Normal compilation ;
; HDL message level                                                ; Level2             ; Level2             ;
; Suppress Register Optimization Related Messages                  ; Off                ; Off                ;
; Number of Removed Registers Reported in Synthesis Report         ; 5000               ; 5000               ;
; Number of Swept Nodes Reported in Synthesis Report               ; 5000               ; 5000               ;
; Number of Inverted Registers Reported in Synthesis Report        ; 100                ; 100                ;
; Clock MUX Protection                                             ; On                 ; On                 ;
; Auto Gated Clock Conversion                                      ; Off                ; Off                ;
; Block Design Naming                                              ; Auto               ; Auto               ;
; SDC constraint protection                                        ; Off                ; Off                ;
; Synthesis Effort                                                 ; Auto               ; Auto               ;
; Shift Register Replacement - Allow Asynchronous Clear Signal     ; On                 ; On                 ;
; Pre-Mapping Resynthesis Optimization                             ; Off                ; Off                ;
; Analysis & Synthesis Message Level                               ; Medium             ; Medium             ;
; Disable Register Merging Across Hierarchies                      ; Auto               ; Auto               ;
; Resource Aware Inference For Block RAM                           ; On                 ; On                 ;
+------------------------------------------------------------------+--------------------+--------------------+


+------------------------------------------+
; Parallel Compilation                     ;
+----------------------------+-------------+
; Processors                 ; Number      ;
+----------------------------+-------------+
; Number detected on machine ; 12          ;
; Maximum allowed            ; 12          ;
;                            ;             ;
; Average used               ; 1.00        ;
; Maximum used               ; 12          ;
;                            ;             ;
; Usage by Processor         ; % Time Used ;
;     Processor 1            ; 100.0%      ;
;     Processors 2-12        ;   0.0%      ;
+----------------------------+-------------+


+------------------------------------------------------------------------------------------------------------------------------------------------------------------------------------------------------------------------------------------------------------+
; Analysis & Synthesis Source Files Read                                                                                                                                                                                                                     ;
+---------------------------------------------+-----------------+------------------------------------------+---------------------------------------------------------------------------------------------------------------------------------------+---------+
; File Name with User-Entered Path            ; Used in Netlist ; File Type                                ; File Name with Absolute Path                                                                                                          ; Library ;
+---------------------------------------------+-----------------+------------------------------------------+---------------------------------------------------------------------------------------------------------------------------------------+---------+
; ../Lab6_PART2_IR/Lab6_IR.bdf                ; yes             ; User Block Diagram/Schematic File        ; C:/Users/ebaes/Documents/GitHub/Class_Assignments/EEL3701_Digital_Logic/Labs/Lab6/Lab6_PART2/Lab6_PART2_IR/Lab6_IR.bdf                ;         ;
; ../Lab6_PART2_CONT/Lab6_PART2_CONT_COMP.vhd ; yes             ; User VHDL File                           ; C:/Users/ebaes/Documents/GitHub/Class_Assignments/EEL3701_Digital_Logic/Labs/Lab6/Lab6_PART2/Lab6_PART2_CONT/Lab6_PART2_CONT_COMP.vhd ;         ;
; ../Lab6_PART2_CONT/Lab6_PART2_CONT.bdf      ; yes             ; User Block Diagram/Schematic File        ; C:/Users/ebaes/Documents/GitHub/Class_Assignments/EEL3701_Digital_Logic/Labs/Lab6/Lab6_PART2/Lab6_PART2_CONT/Lab6_PART2_CONT.bdf      ;         ;
; ../Lab6_RALU/Lab6_RALU.bdf                  ; yes             ; User Block Diagram/Schematic File        ; C:/Users/ebaes/Documents/GitHub/Class_Assignments/EEL3701_Digital_Logic/Labs/Lab6/Lab6_PART2/Lab6_RALU/Lab6_RALU.bdf                  ;         ;
; Lab6_PART2.bdf                              ; yes             ; User Block Diagram/Schematic File        ; C:/Users/ebaes/Documents/GitHub/Class_Assignments/EEL3701_Digital_Logic/Labs/Lab6/Lab6_PART2/Lab6_PART2/Lab6_PART2.bdf                ;         ;
; Lab6_ROM.vhd                                ; yes             ; User Wizard-Generated File               ; C:/Users/ebaes/Documents/GitHub/Class_Assignments/EEL3701_Digital_Logic/Labs/Lab6/Lab6_PART2/Lab6_PART2/Lab6_ROM.vhd                  ;         ;
; 74161.tdf                                   ; yes             ; Megafunction                             ; c:/altera_lite/25.1std/quartus/libraries/others/maxplus2/74161.tdf                                                                    ;         ;
; aglobal.inc                                 ; yes             ; Megafunction                             ; c:/altera_lite/25.1std/quartus/libraries/megafunctions/aglobal.inc                                                                    ;         ;
; f74161.bdf                                  ; yes             ; Megafunction                             ; c:/altera_lite/25.1std/quartus/libraries/others/maxplus2/f74161.bdf                                                                   ;         ;
; 21mux.bdf                                   ; yes             ; Megafunction                             ; c:/altera_lite/25.1std/quartus/libraries/others/maxplus2/21mux.bdf                                                                    ;         ;
; altsyncram.tdf                              ; yes             ; Megafunction                             ; c:/altera_lite/25.1std/quartus/libraries/megafunctions/altsyncram.tdf                                                                 ;         ;
; stratix_ram_block.inc                       ; yes             ; Megafunction                             ; c:/altera_lite/25.1std/quartus/libraries/megafunctions/stratix_ram_block.inc                                                          ;         ;
; lpm_mux.inc                                 ; yes             ; Megafunction                             ; c:/altera_lite/25.1std/quartus/libraries/megafunctions/lpm_mux.inc                                                                    ;         ;
; lpm_decode.inc                              ; yes             ; Megafunction                             ; c:/altera_lite/25.1std/quartus/libraries/megafunctions/lpm_decode.inc                                                                 ;         ;
; aglobal251.inc                              ; yes             ; Megafunction                             ; c:/altera_lite/25.1std/quartus/libraries/megafunctions/aglobal251.inc                                                                 ;         ;
; a_rdenreg.inc                               ; yes             ; Megafunction                             ; c:/altera_lite/25.1std/quartus/libraries/megafunctions/a_rdenreg.inc                                                                  ;         ;
; altrom.inc                                  ; yes             ; Megafunction                             ; c:/altera_lite/25.1std/quartus/libraries/megafunctions/altrom.inc                                                                     ;         ;
; altram.inc                                  ; yes             ; Megafunction                             ; c:/altera_lite/25.1std/quartus/libraries/megafunctions/altram.inc                                                                     ;         ;
; altdpram.inc                                ; yes             ; Megafunction                             ; c:/altera_lite/25.1std/quartus/libraries/megafunctions/altdpram.inc                                                                   ;         ;
; db/altsyncram_imr3.tdf                      ; yes             ; Auto-Generated Megafunction              ; C:/Users/ebaes/Documents/GitHub/Class_Assignments/EEL3701_Digital_Logic/Labs/Lab6/Lab6_PART2/Lab6_PART2/db/altsyncram_imr3.tdf        ;         ;
; ../lab6QUIZ.mif                             ; yes             ; Auto-Found Memory Initialization File    ; C:/Users/ebaes/Documents/GitHub/Class_Assignments/EEL3701_Digital_Logic/Labs/Lab6/Lab6_PART2/lab6QUIZ.mif                             ;         ;
; db/decode_5j9.tdf                           ; yes             ; Auto-Generated Megafunction              ; C:/Users/ebaes/Documents/GitHub/Class_Assignments/EEL3701_Digital_Logic/Labs/Lab6/Lab6_PART2/Lab6_PART2/db/decode_5j9.tdf             ;         ;
; db/mux_s1b.tdf                              ; yes             ; Auto-Generated Megafunction              ; C:/Users/ebaes/Documents/GitHub/Class_Assignments/EEL3701_Digital_Logic/Labs/Lab6/Lab6_PART2/Lab6_PART2/db/mux_s1b.tdf                ;         ;
; 74283.tdf                                   ; yes             ; Megafunction                             ; c:/altera_lite/25.1std/quartus/libraries/others/maxplus2/74283.tdf                                                                    ;         ;
; f74283.bdf                                  ; yes             ; Megafunction                             ; c:/altera_lite/25.1std/quartus/libraries/others/maxplus2/f74283.bdf                                                                   ;         ;
; 74153.bdf                                   ; yes             ; Megafunction                             ; c:/altera_lite/25.1std/quartus/libraries/others/maxplus2/74153.bdf                                                                    ;         ;
; 74151.tdf                                   ; yes             ; Megafunction                             ; c:/altera_lite/25.1std/quartus/libraries/others/maxplus2/74151.tdf                                                                    ;         ;
; f74151.bdf                                  ; yes             ; Megafunction                             ; c:/altera_lite/25.1std/quartus/libraries/others/maxplus2/f74151.bdf                                                                   ;         ;
; lab2_decoder.bdf                            ; yes             ; Auto-Found Block Diagram/Schematic File  ; C:/Users/ebaes/Documents/GitHub/Class_Assignments/EEL3701_Digital_Logic/Labs/Lab6/Lab6_PART2/Lab6_PART2/lab2_decoder.bdf              ;         ;
+---------------------------------------------+-----------------+------------------------------------------+---------------------------------------------------------------------------------------------------------------------------------------+---------+


+-----------------------------------------------------+
; Analysis & Synthesis Resource Usage Summary         ;
+---------------------------------------------+-------+
; Resource                                    ; Usage ;
+---------------------------------------------+-------+
; Estimated Total logic elements              ; 86    ;
;                                             ;       ;
; Total combinational functions               ; 83    ;
; Logic element usage by number of LUT inputs ;       ;
;     -- 4 input functions                    ; 55    ;
;     -- 3 input functions                    ; 6     ;
;     -- <=2 input functions                  ; 22    ;
;                                             ;       ;
; Logic elements by mode                      ;       ;
;     -- normal mode                          ; 83    ;
;     -- arithmetic mode                      ; 0     ;
;                                             ;       ;
; Total registers                             ; 18    ;
;     -- Dedicated logic registers            ; 18    ;
;     -- I/O registers                        ; 0     ;
;                                             ;       ;
; I/O pins                                    ; 74    ;
; Total memory bits                           ; 128   ;
;                                             ;       ;
; Embedded Multiplier 9-bit elements          ; 0     ;
;                                             ;       ;
; Maximum fan-out node                        ; inst7 ;
; Maximum fan-out                             ; 18    ;
; Total fan-out                               ; 510   ;
; Average fan-out                             ; 1.98  ;
+---------------------------------------------+-------+


+-----------------------------------------------------------------------------------------------------------------------------------------------------------------------------------------------------------------------------------------------------------------------------------------------------------------------------+
; Analysis & Synthesis Resource Utilization by Entity                                                                                                                                                                                                                                                                         ;
+-------------------------------------------+---------------------+---------------------------+-------------+------------+--------------+---------+-----------+------+--------------+------------+-------------------------------------------------------------------------------------------+-----------------+--------------+
; Compilation Hierarchy Node                ; Combinational ALUTs ; Dedicated Logic Registers ; Memory Bits ; UFM Blocks ; DSP Elements ; DSP 9x9 ; DSP 18x18 ; Pins ; Virtual Pins ; ADC blocks ; Full Hierarchy Name                                                                       ; Entity Name     ; Library Name ;
+-------------------------------------------+---------------------+---------------------------+-------------+------------+--------------+---------+-----------+------+--------------+------------+-------------------------------------------------------------------------------------------+-----------------+--------------+
; |Lab6_PART2                               ; 83 (1)              ; 18 (1)                    ; 128         ; 0          ; 0            ; 0       ; 0         ; 74   ; 0            ; 0          ; |Lab6_PART2                                                                               ; Lab6_PART2      ; work         ;
;    |74161:inst1|                          ; 8 (0)               ; 4 (0)                     ; 0           ; 0          ; 0            ; 0       ; 0         ; 0    ; 0            ; 0          ; |Lab6_PART2|74161:inst1                                                                   ; 74161           ; work         ;
;       |f74161:sub|                        ; 8 (8)               ; 4 (4)                     ; 0           ; 0          ; 0            ; 0       ; 0         ; 0    ; 0            ; 0          ; |Lab6_PART2|74161:inst1|f74161:sub                                                        ; f74161          ; work         ;
;    |Lab6_IR:inst6|                        ; 0 (0)               ; 3 (3)                     ; 0           ; 0          ; 0            ; 0       ; 0         ; 0    ; 0            ; 0          ; |Lab6_PART2|Lab6_IR:inst6                                                                 ; Lab6_IR         ; work         ;
;    |Lab6_PART2_CONT:inst17|               ; 13 (0)              ; 2 (2)                     ; 0           ; 0          ; 0            ; 0       ; 0         ; 0    ; 0            ; 0          ; |Lab6_PART2|Lab6_PART2_CONT:inst17                                                        ; Lab6_PART2_CONT ; work         ;
;       |Lab6_CONT_COMP:inst|               ; 13 (13)             ; 0 (0)                     ; 0           ; 0          ; 0            ; 0       ; 0         ; 0    ; 0            ; 0          ; |Lab6_PART2|Lab6_PART2_CONT:inst17|Lab6_CONT_COMP:inst                                    ; Lab6_CONT_COMP  ; work         ;
;    |Lab6_RALU:inst|                       ; 33 (0)              ; 8 (8)                     ; 0           ; 0          ; 0            ; 0       ; 0         ; 0    ; 0            ; 0          ; |Lab6_PART2|Lab6_RALU:inst                                                                ; Lab6_RALU       ; work         ;
;       |74151:inst26|                      ; 3 (0)               ; 0 (0)                     ; 0           ; 0          ; 0            ; 0       ; 0         ; 0    ; 0            ; 0          ; |Lab6_PART2|Lab6_RALU:inst|74151:inst26                                                   ; 74151           ; work         ;
;          |f74151:sub|                     ; 3 (3)               ; 0 (0)                     ; 0           ; 0          ; 0            ; 0       ; 0         ; 0    ; 0            ; 0          ; |Lab6_PART2|Lab6_RALU:inst|74151:inst26|f74151:sub                                        ; f74151          ; work         ;
;       |74151:inst27|                      ; 3 (0)               ; 0 (0)                     ; 0           ; 0          ; 0            ; 0       ; 0         ; 0    ; 0            ; 0          ; |Lab6_PART2|Lab6_RALU:inst|74151:inst27                                                   ; 74151           ; work         ;
;          |f74151:sub|                     ; 3 (3)               ; 0 (0)                     ; 0           ; 0          ; 0            ; 0       ; 0         ; 0    ; 0            ; 0          ; |Lab6_PART2|Lab6_RALU:inst|74151:inst27|f74151:sub                                        ; f74151          ; work         ;
;       |74151:inst28|                      ; 3 (0)               ; 0 (0)                     ; 0           ; 0          ; 0            ; 0       ; 0         ; 0    ; 0            ; 0          ; |Lab6_PART2|Lab6_RALU:inst|74151:inst28                                                   ; 74151           ; work         ;
;          |f74151:sub|                     ; 3 (3)               ; 0 (0)                     ; 0           ; 0          ; 0            ; 0       ; 0         ; 0    ; 0            ; 0          ; |Lab6_PART2|Lab6_RALU:inst|74151:inst28|f74151:sub                                        ; f74151          ; work         ;
;       |74151:inst29|                      ; 3 (0)               ; 0 (0)                     ; 0           ; 0          ; 0            ; 0       ; 0         ; 0    ; 0            ; 0          ; |Lab6_PART2|Lab6_RALU:inst|74151:inst29                                                   ; 74151           ; work         ;
;          |f74151:sub|                     ; 3 (3)               ; 0 (0)                     ; 0           ; 0          ; 0            ; 0       ; 0         ; 0    ; 0            ; 0          ; |Lab6_PART2|Lab6_RALU:inst|74151:inst29|f74151:sub                                        ; f74151          ; work         ;
;       |74153:inst10|                      ; 4 (4)               ; 0 (0)                     ; 0           ; 0          ; 0            ; 0       ; 0         ; 0    ; 0            ; 0          ; |Lab6_PART2|Lab6_RALU:inst|74153:inst10                                                   ; 74153           ; work         ;
;       |74153:inst11|                      ; 4 (4)               ; 0 (0)                     ; 0           ; 0          ; 0            ; 0       ; 0         ; 0    ; 0            ; 0          ; |Lab6_PART2|Lab6_RALU:inst|74153:inst11                                                   ; 74153           ; work         ;
;       |74153:inst37|                      ; 4 (4)               ; 0 (0)                     ; 0           ; 0          ; 0            ; 0       ; 0         ; 0    ; 0            ; 0          ; |Lab6_PART2|Lab6_RALU:inst|74153:inst37                                                   ; 74153           ; work         ;
;       |74153:inst9|                       ; 4 (4)               ; 0 (0)                     ; 0           ; 0          ; 0            ; 0       ; 0         ; 0    ; 0            ; 0          ; |Lab6_PART2|Lab6_RALU:inst|74153:inst9                                                    ; 74153           ; work         ;
;       |74283:inst25|                      ; 5 (0)               ; 0 (0)                     ; 0           ; 0          ; 0            ; 0       ; 0         ; 0    ; 0            ; 0          ; |Lab6_PART2|Lab6_RALU:inst|74283:inst25                                                   ; 74283           ; work         ;
;          |f74283:sub|                     ; 5 (5)               ; 0 (0)                     ; 0           ; 0          ; 0            ; 0       ; 0         ; 0    ; 0            ; 0          ; |Lab6_PART2|Lab6_RALU:inst|74283:inst25|f74283:sub                                        ; f74283          ; work         ;
;    |Lab6_ROM:inst3|                       ; 0 (0)               ; 0 (0)                     ; 128         ; 0          ; 0            ; 0       ; 0         ; 0    ; 0            ; 0          ; |Lab6_PART2|Lab6_ROM:inst3                                                                ; Lab6_ROM        ; work         ;
;       |altsyncram:altsyncram_component|   ; 0 (0)               ; 0 (0)                     ; 128         ; 0          ; 0            ; 0       ; 0         ; 0    ; 0            ; 0          ; |Lab6_PART2|Lab6_ROM:inst3|altsyncram:altsyncram_component                                ; altsyncram      ; work         ;
;          |altsyncram_imr3:auto_generated| ; 0 (0)               ; 0 (0)                     ; 128         ; 0          ; 0            ; 0       ; 0         ; 0    ; 0            ; 0          ; |Lab6_PART2|Lab6_ROM:inst3|altsyncram:altsyncram_component|altsyncram_imr3:auto_generated ; altsyncram_imr3 ; work         ;
;    |lab2_decoder:inst10|                  ; 14 (14)             ; 0 (0)                     ; 0           ; 0          ; 0            ; 0       ; 0         ; 0    ; 0            ; 0          ; |Lab6_PART2|lab2_decoder:inst10                                                           ; lab2_decoder    ; work         ;
;    |lab2_decoder:inst14|                  ; 14 (14)             ; 0 (0)                     ; 0           ; 0          ; 0            ; 0       ; 0         ; 0    ; 0            ; 0          ; |Lab6_PART2|lab2_decoder:inst14                                                           ; lab2_decoder    ; work         ;
+-------------------------------------------+---------------------+---------------------------+-------------+------------+--------------+---------+-----------+------+--------------+------------+-------------------------------------------------------------------------------------------+-----------------+--------------+
Note: For table entries with two numbers listed, the numbers in parentheses indicate the number of resources of the given type used by the specific entity alone. The numbers listed outside of parentheses indicate the total resources of the given type used by the specific entity and all of its sub-entities in the hierarchy.


+-----------------------------------------------------------------------------------------------------------------------------------------------------------------------------------------------+
; Analysis & Synthesis RAM Summary                                                                                                                                                              ;
+------------------------------------------------------------------------------------------+------+------+--------------+--------------+--------------+--------------+--------+-----------------+
; Name                                                                                     ; Type ; Mode ; Port A Depth ; Port A Width ; Port B Depth ; Port B Width ; Size   ; MIF             ;
+------------------------------------------------------------------------------------------+------+------+--------------+--------------+--------------+--------------+--------+-----------------+
; Lab6_ROM:inst3|altsyncram:altsyncram_component|altsyncram_imr3:auto_generated|ALTSYNCRAM ; AUTO ; ROM  ; 32768        ; 8            ; --           ; --           ; 262144 ; ../lab6QUIZ.mif ;
+------------------------------------------------------------------------------------------+------+------+--------------+--------------+--------------+--------------+--------+-----------------+


+--------------------------------------------------------------------------------------------------------------+
; Analysis & Synthesis IP Cores Summary                                                                        ;
+--------+--------------+---------+--------------+--------------+----------------------------+-----------------+
; Vendor ; IP Core Name ; Version ; Release Date ; License Type ; Entity Instance            ; IP Include File ;
+--------+--------------+---------+--------------+--------------+----------------------------+-----------------+
; Altera ; ROM: 1-PORT  ; 25.1    ; N/A          ; N/A          ; |Lab6_PART2|Lab6_ROM:inst3 ; Lab6_ROM.vhd    ;
+--------+--------------+---------+--------------+--------------+----------------------------+-----------------+


+-----------------------------------------------------------------------------------------------------------------------------------------+
; Registers Removed During Synthesis                                                                                                      ;
+------------------------------------------------------------------------------------------------+----------------------------------------+
; Register name                                                                                  ; Reason for Removal                     ;
+------------------------------------------------------------------------------------------------+----------------------------------------+
; Lab6_ROM:inst3|altsyncram:altsyncram_component|altsyncram_imr3:auto_generated|address_reg_a[1] ; Stuck at GND due to stuck port data_in ;
; Lab6_ROM:inst3|altsyncram:altsyncram_component|altsyncram_imr3:auto_generated|address_reg_a[0] ; Stuck at VCC due to stuck port data_in ;
; Total Number of Removed Registers = 2                                                          ;                                        ;
+------------------------------------------------------------------------------------------------+----------------------------------------+


+------------------------------------------------------+
; General Register Statistics                          ;
+----------------------------------------------+-------+
; Statistic                                    ; Value ;
+----------------------------------------------+-------+
; Total registers                              ; 18    ;
; Number of registers using Synchronous Clear  ; 0     ;
; Number of registers using Synchronous Load   ; 0     ;
; Number of registers using Asynchronous Clear ; 17    ;
; Number of registers using Asynchronous Load  ; 0     ;
; Number of registers using Clock Enable       ; 3     ;
; Number of registers using Preset             ; 0     ;
+----------------------------------------------+-------+


+---------------------------------------------------------------------------------------------------------------------------------------------------------------------+
; Multiplexer Restructuring Statistics (Restructuring Performed)                                                                                                      ;
+--------------------+-----------+---------------+----------------------+------------------------+------------+-------------------------------------------------------+
; Multiplexer Inputs ; Bus Width ; Baseline Area ; Area if Restructured ; Saving if Restructured ; Registered ; Example Multiplexer Output                            ;
+--------------------+-----------+---------------+----------------------+------------------------+------------+-------------------------------------------------------+
; 6:1                ; 2 bits    ; 8 LEs         ; 8 LEs                ; 0 LEs                  ; No         ; |Lab6_PART2|Lab6_RALU:inst|74151:inst27|f74151:sub|81 ;
+--------------------+-----------+---------------+----------------------+------------------------+------------+-------------------------------------------------------+


+------------------------------------------------------------------------------------------------------+
; Source assignments for Lab6_ROM:inst3|altsyncram:altsyncram_component|altsyncram_imr3:auto_generated ;
+---------------------------------+--------------------+------+----------------------------------------+
; Assignment                      ; Value              ; From ; To                                     ;
+---------------------------------+--------------------+------+----------------------------------------+
; OPTIMIZE_POWER_DURING_SYNTHESIS ; NORMAL_COMPILATION ; -    ; -                                      ;
+---------------------------------+--------------------+------+----------------------------------------+


+----------------------------------------------------------+
; Parameter Settings for User Entity Instance: 74161:inst1 ;
+------------------------+--------+------------------------+
; Parameter Name         ; Value  ; Type                   ;
+------------------------+--------+------------------------+
; DEVICE_FAMILY          ; MAX 10 ; Untyped                ;
; AUTO_CARRY_CHAINS      ; ON     ; AUTO_CARRY             ;
; IGNORE_CARRY_BUFFERS   ; OFF    ; IGNORE_CARRY           ;
; AUTO_CASCADE_CHAINS    ; ON     ; AUTO_CASCADE           ;
; IGNORE_CASCADE_BUFFERS ; OFF    ; IGNORE_CASCADE         ;
+------------------------+--------+------------------------+
Note: In order to hide this table in the UI and the text report file, please set the "Show Parameter Settings in Synthesis Report" option in "Analysis and Synthesis Settings -> More Settings" to "Off".


+---------------------------------------------------------------------------------------------+
; Parameter Settings for User Entity Instance: Lab6_ROM:inst3|altsyncram:altsyncram_component ;
+------------------------------------+----------------------+---------------------------------+
; Parameter Name                     ; Value                ; Type                            ;
+------------------------------------+----------------------+---------------------------------+
; BYTE_SIZE_BLOCK                    ; 8                    ; Untyped                         ;
; AUTO_CARRY_CHAINS                  ; ON                   ; AUTO_CARRY                      ;
; IGNORE_CARRY_BUFFERS               ; OFF                  ; IGNORE_CARRY                    ;
; AUTO_CASCADE_CHAINS                ; ON                   ; AUTO_CASCADE                    ;
; IGNORE_CASCADE_BUFFERS             ; OFF                  ; IGNORE_CASCADE                  ;
; WIDTH_BYTEENA                      ; 1                    ; Untyped                         ;
; OPERATION_MODE                     ; ROM                  ; Untyped                         ;
; WIDTH_A                            ; 8                    ; Signed Integer                  ;
; WIDTHAD_A                          ; 15                   ; Signed Integer                  ;
; NUMWORDS_A                         ; 32768                ; Signed Integer                  ;
; OUTDATA_REG_A                      ; UNREGISTERED         ; Untyped                         ;
; ADDRESS_ACLR_A                     ; NONE                 ; Untyped                         ;
; OUTDATA_ACLR_A                     ; NONE                 ; Untyped                         ;
; WRCONTROL_ACLR_A                   ; NONE                 ; Untyped                         ;
; INDATA_ACLR_A                      ; NONE                 ; Untyped                         ;
; BYTEENA_ACLR_A                     ; NONE                 ; Untyped                         ;
; WIDTH_B                            ; 1                    ; Signed Integer                  ;
; WIDTHAD_B                          ; 1                    ; Signed Integer                  ;
; NUMWORDS_B                         ; 0                    ; Signed Integer                  ;
; INDATA_REG_B                       ; CLOCK1               ; Untyped                         ;
; WRCONTROL_WRADDRESS_REG_B          ; CLOCK1               ; Untyped                         ;
; RDCONTROL_REG_B                    ; CLOCK1               ; Untyped                         ;
; ADDRESS_REG_B                      ; CLOCK1               ; Untyped                         ;
; OUTDATA_REG_B                      ; UNREGISTERED         ; Untyped                         ;
; BYTEENA_REG_B                      ; CLOCK1               ; Untyped                         ;
; INDATA_ACLR_B                      ; NONE                 ; Untyped                         ;
; WRCONTROL_ACLR_B                   ; NONE                 ; Untyped                         ;
; ADDRESS_ACLR_B                     ; NONE                 ; Untyped                         ;
; OUTDATA_ACLR_B                     ; NONE                 ; Untyped                         ;
; RDCONTROL_ACLR_B                   ; NONE                 ; Untyped                         ;
; BYTEENA_ACLR_B                     ; NONE                 ; Untyped                         ;
; WIDTH_BYTEENA_A                    ; 1                    ; Signed Integer                  ;
; WIDTH_BYTEENA_B                    ; 1                    ; Signed Integer                  ;
; RAM_BLOCK_TYPE                     ; AUTO                 ; Untyped                         ;
; BYTE_SIZE                          ; 8                    ; Signed Integer                  ;
; READ_DURING_WRITE_MODE_MIXED_PORTS ; DONT_CARE            ; Untyped                         ;
; READ_DURING_WRITE_MODE_PORT_A      ; NEW_DATA_NO_NBE_READ ; Untyped                         ;
; READ_DURING_WRITE_MODE_PORT_B      ; NEW_DATA_NO_NBE_READ ; Untyped                         ;
; INIT_FILE                          ; ../lab6QUIZ.mif      ; Untyped                         ;
; INIT_FILE_LAYOUT                   ; PORT_A               ; Untyped                         ;
; MAXIMUM_DEPTH                      ; 0                    ; Signed Integer                  ;
; CLOCK_ENABLE_INPUT_A               ; BYPASS               ; Untyped                         ;
; CLOCK_ENABLE_INPUT_B               ; NORMAL               ; Untyped                         ;
; CLOCK_ENABLE_OUTPUT_A              ; BYPASS               ; Untyped                         ;
; CLOCK_ENABLE_OUTPUT_B              ; NORMAL               ; Untyped                         ;
; CLOCK_ENABLE_CORE_A                ; USE_INPUT_CLKEN      ; Untyped                         ;
; CLOCK_ENABLE_CORE_B                ; USE_INPUT_CLKEN      ; Untyped                         ;
; ENABLE_ECC                         ; FALSE                ; Untyped                         ;
; ECC_PIPELINE_STAGE_ENABLED         ; FALSE                ; Untyped                         ;
; WIDTH_ECCSTATUS                    ; 3                    ; Signed Integer                  ;
; DEVICE_FAMILY                      ; MAX 10               ; Untyped                         ;
; CBXI_PARAMETER                     ; altsyncram_imr3      ; Untyped                         ;
+------------------------------------+----------------------+---------------------------------+
Note: In order to hide this table in the UI and the text report file, please set the "Show Parameter Settings in Synthesis Report" option in "Analysis and Synthesis Settings -> More Settings" to "Off".


+--------------------------------------------------------------------------+
; Parameter Settings for User Entity Instance: Lab6_RALU:inst|74283:inst25 ;
+------------------------+--------+----------------------------------------+
; Parameter Name         ; Value  ; Type                                   ;
+------------------------+--------+----------------------------------------+
; DEVICE_FAMILY          ; MAX 10 ; Untyped                                ;
; AUTO_CARRY_CHAINS      ; ON     ; AUTO_CARRY                             ;
; IGNORE_CARRY_BUFFERS   ; OFF    ; IGNORE_CARRY                           ;
; AUTO_CASCADE_CHAINS    ; ON     ; AUTO_CASCADE                           ;
; IGNORE_CASCADE_BUFFERS ; OFF    ; IGNORE_CASCADE                         ;
+------------------------+--------+----------------------------------------+
Note: In order to hide this table in the UI and the text report file, please set the "Show Parameter Settings in Synthesis Report" option in "Analysis and Synthesis Settings -> More Settings" to "Off".


+--------------------------------------------------------------------------+
; Parameter Settings for User Entity Instance: Lab6_RALU:inst|74151:inst26 ;
+------------------------+--------+----------------------------------------+
; Parameter Name         ; Value  ; Type                                   ;
+------------------------+--------+----------------------------------------+
; DEVICE_FAMILY          ; MAX 10 ; Untyped                                ;
; AUTO_CARRY_CHAINS      ; ON     ; AUTO_CARRY                             ;
; IGNORE_CARRY_BUFFERS   ; OFF    ; IGNORE_CARRY                           ;
; AUTO_CASCADE_CHAINS    ; ON     ; AUTO_CASCADE                           ;
; IGNORE_CASCADE_BUFFERS ; OFF    ; IGNORE_CASCADE                         ;
+------------------------+--------+----------------------------------------+
Note: In order to hide this table in the UI and the text report file, please set the "Show Parameter Settings in Synthesis Report" option in "Analysis and Synthesis Settings -> More Settings" to "Off".


+--------------------------------------------------------------------------+
; Parameter Settings for User Entity Instance: Lab6_RALU:inst|74151:inst27 ;
+------------------------+--------+----------------------------------------+
; Parameter Name         ; Value  ; Type                                   ;
+------------------------+--------+----------------------------------------+
; DEVICE_FAMILY          ; MAX 10 ; Untyped                                ;
; AUTO_CARRY_CHAINS      ; ON     ; AUTO_CARRY                             ;
; IGNORE_CARRY_BUFFERS   ; OFF    ; IGNORE_CARRY                           ;
; AUTO_CASCADE_CHAINS    ; ON     ; AUTO_CASCADE                           ;
; IGNORE_CASCADE_BUFFERS ; OFF    ; IGNORE_CASCADE                         ;
+------------------------+--------+----------------------------------------+
Note: In order to hide this table in the UI and the text report file, please set the "Show Parameter Settings in Synthesis Report" option in "Analysis and Synthesis Settings -> More Settings" to "Off".


+--------------------------------------------------------------------------+
; Parameter Settings for User Entity Instance: Lab6_RALU:inst|74151:inst28 ;
+------------------------+--------+----------------------------------------+
; Parameter Name         ; Value  ; Type                                   ;
+------------------------+--------+----------------------------------------+
; DEVICE_FAMILY          ; MAX 10 ; Untyped                                ;
; AUTO_CARRY_CHAINS      ; ON     ; AUTO_CARRY                             ;
; IGNORE_CARRY_BUFFERS   ; OFF    ; IGNORE_CARRY                           ;
; AUTO_CASCADE_CHAINS    ; ON     ; AUTO_CASCADE                           ;
; IGNORE_CASCADE_BUFFERS ; OFF    ; IGNORE_CASCADE                         ;
+------------------------+--------+----------------------------------------+
Note: In order to hide this table in the UI and the text report file, please set the "Show Parameter Settings in Synthesis Report" option in "Analysis and Synthesis Settings -> More Settings" to "Off".


+--------------------------------------------------------------------------+
; Parameter Settings for User Entity Instance: Lab6_RALU:inst|74151:inst29 ;
+------------------------+--------+----------------------------------------+
; Parameter Name         ; Value  ; Type                                   ;
+------------------------+--------+----------------------------------------+
; DEVICE_FAMILY          ; MAX 10 ; Untyped                                ;
; AUTO_CARRY_CHAINS      ; ON     ; AUTO_CARRY                             ;
; IGNORE_CARRY_BUFFERS   ; OFF    ; IGNORE_CARRY                           ;
; AUTO_CASCADE_CHAINS    ; ON     ; AUTO_CASCADE                           ;
; IGNORE_CASCADE_BUFFERS ; OFF    ; IGNORE_CASCADE                         ;
+------------------------+--------+----------------------------------------+
Note: In order to hide this table in the UI and the text report file, please set the "Show Parameter Settings in Synthesis Report" option in "Analysis and Synthesis Settings -> More Settings" to "Off".


+--------------------------------------------------------------------------------------------+
; altsyncram Parameter Settings by Entity Instance                                           ;
+-------------------------------------------+------------------------------------------------+
; Name                                      ; Value                                          ;
+-------------------------------------------+------------------------------------------------+
; Number of entity instances                ; 1                                              ;
; Entity Instance                           ; Lab6_ROM:inst3|altsyncram:altsyncram_component ;
;     -- OPERATION_MODE                     ; ROM                                            ;
;     -- WIDTH_A                            ; 8                                              ;
;     -- NUMWORDS_A                         ; 32768                                          ;
;     -- OUTDATA_REG_A                      ; UNREGISTERED                                   ;
;     -- WIDTH_B                            ; 1                                              ;
;     -- NUMWORDS_B                         ; 0                                              ;
;     -- ADDRESS_REG_B                      ; CLOCK1                                         ;
;     -- OUTDATA_REG_B                      ; UNREGISTERED                                   ;
;     -- RAM_BLOCK_TYPE                     ; AUTO                                           ;
;     -- READ_DURING_WRITE_MODE_MIXED_PORTS ; DONT_CARE                                      ;
+-------------------------------------------+------------------------------------------------+


+-----------------------------------------------------+
; Post-Synthesis Netlist Statistics for Top Partition ;
+-----------------------+-----------------------------+
; Type                  ; Count                       ;
+-----------------------+-----------------------------+
; boundary_port         ; 74                          ;
; cycloneiii_ff         ; 18                          ;
;     CLR               ; 14                          ;
;     ENA CLR           ; 3                           ;
;     plain             ; 1                           ;
; cycloneiii_lcell_comb ; 100                         ;
;     normal            ; 100                         ;
;         0 data inputs ; 2                           ;
;         1 data inputs ; 16                          ;
;         2 data inputs ; 21                          ;
;         3 data inputs ; 6                           ;
;         4 data inputs ; 55                          ;
; cycloneiii_ram_block  ; 8                           ;
;                       ;                             ;
; Max LUT depth         ; 6.00                        ;
; Average LUT depth     ; 3.43                        ;
+-----------------------+-----------------------------+


+-------------------------------+
; Elapsed Time Per Partition    ;
+----------------+--------------+
; Partition Name ; Elapsed Time ;
+----------------+--------------+
; Top            ; 00:00:00     ;
+----------------+--------------+


+-------------------------------+
; Analysis & Synthesis Messages ;
+-------------------------------+
Info: *******************************************************************
Info: Running Quartus Prime Analysis & Synthesis
    Info: Version 25.1std.0 Build 1129 10/21/2025 SC Lite Edition
    Info: Processing started: Tue Apr  7 19:03:23 2026
Info: Command: quartus_map --read_settings_files=on --write_settings_files=off Lab6_PART2 -c Lab6_PART2
Warning (18236): Number of processors has not been specified which may cause overloading on shared machines.  Set the global assignment NUM_PARALLEL_PROCESSORS in your QSF to an appropriate value for best performance.
Info (20030): Parallel compilation is enabled and will use 12 of the 12 processors detected
Info (12021): Found 1 design units, including 1 entities, in source file /users/ebaes/documents/github/class_assignments/eel3701_digital_logic/labs/lab6/lab6_part2/lab6_part2_ir/lab6_ir.bdf
    Info (12023): Found entity 1: Lab6_IR
Info (12021): Found 2 design units, including 1 entities, in source file /users/ebaes/documents/github/class_assignments/eel3701_digital_logic/labs/lab6/lab6_part2/lab6_part2_cont/lab6_part2_cont_comp.vhd
    Info (12022): Found design unit 1: Lab6_CONT_COMP-behavior File: C:/Users/ebaes/Documents/GitHub/Class_Assignments/EEL3701_Digital_Logic/Labs/Lab6/Lab6_PART2/Lab6_PART2_CONT/Lab6_PART2_CONT_COMP.vhd Line: 27
    Info (12023): Found entity 1: Lab6_CONT_COMP File: C:/Users/ebaes/Documents/GitHub/Class_Assignments/EEL3701_Digital_Logic/Labs/Lab6/Lab6_PART2/Lab6_PART2_CONT/Lab6_PART2_CONT_COMP.vhd Line: 3
Info (12021): Found 1 design units, including 1 entities, in source file /users/ebaes/documents/github/class_assignments/eel3701_digital_logic/labs/lab6/lab6_part2/lab6_part2_cont/lab6_part2_cont.bdf
    Info (12023): Found entity 1: Lab6_PART2_CONT
Info (12021): Found 1 design units, including 1 entities, in source file /users/ebaes/documents/github/class_assignments/eel3701_digital_logic/labs/lab6/lab6_part2/lab6_ralu/lab6_ralu.bdf
    Info (12023): Found entity 1: Lab6_RALU
Info (12021): Found 1 design units, including 1 entities, in source file lab6_part2.bdf
    Info (12023): Found entity 1: Lab6_PART2
Info (12021): Found 2 design units, including 1 entities, in source file lab6_rom.vhd
    Info (12022): Found design unit 1: lab6_rom-SYN File: C:/Users/ebaes/Documents/GitHub/Class_Assignments/EEL3701_Digital_Logic/Labs/Lab6/Lab6_PART2/Lab6_PART2/Lab6_ROM.vhd Line: 53
    Info (12023): Found entity 1: Lab6_ROM File: C:/Users/ebaes/Documents/GitHub/Class_Assignments/EEL3701_Digital_Logic/Labs/Lab6/Lab6_PART2/Lab6_PART2/Lab6_ROM.vhd Line: 43
Info (12127): Elaborating entity "Lab6_PART2" for the top level hierarchy
Info (12128): Elaborating entity "74161" for hierarchy "74161:inst1"
Info (12130): Elaborated megafunction instantiation "74161:inst1"
Info (12128): Elaborating entity "f74161" for hierarchy "74161:inst1|f74161:sub" File: c:/altera_lite/25.1std/quartus/libraries/others/maxplus2/74161.tdf Line: 33
Info (12131): Elaborated megafunction instantiation "74161:inst1|f74161:sub", which is child of megafunction instantiation "74161:inst1" File: c:/altera_lite/25.1std/quartus/libraries/others/maxplus2/74161.tdf Line: 33
Info (12128): Elaborating entity "Lab6_PART2_CONT" for hierarchy "Lab6_PART2_CONT:inst17"
Info (12128): Elaborating entity "Lab6_CONT_COMP" for hierarchy "Lab6_PART2_CONT:inst17|Lab6_CONT_COMP:inst"
Info (12128): Elaborating entity "Lab6_IR" for hierarchy "Lab6_IR:inst6"
Info (12128): Elaborating entity "21mux" for hierarchy "Lab6_IR:inst6|21mux:inst2"
Info (12130): Elaborated megafunction instantiation "Lab6_IR:inst6|21mux:inst2"
Info (12128): Elaborating entity "Lab6_ROM" for hierarchy "Lab6_ROM:inst3"
Info (12128): Elaborating entity "altsyncram" for hierarchy "Lab6_ROM:inst3|altsyncram:altsyncram_component" File: C:/Users/ebaes/Documents/GitHub/Class_Assignments/EEL3701_Digital_Logic/Labs/Lab6/Lab6_PART2/Lab6_PART2/Lab6_ROM.vhd Line: 60
Info (12130): Elaborated megafunction instantiation "Lab6_ROM:inst3|altsyncram:altsyncram_component" File: C:/Users/ebaes/Documents/GitHub/Class_Assignments/EEL3701_Digital_Logic/Labs/Lab6/Lab6_PART2/Lab6_PART2/Lab6_ROM.vhd Line: 60
Info (12133): Instantiated megafunction "Lab6_ROM:inst3|altsyncram:altsyncram_component" with the following parameter: File: C:/Users/ebaes/Documents/GitHub/Class_Assignments/EEL3701_Digital_Logic/Labs/Lab6/Lab6_PART2/Lab6_PART2/Lab6_ROM.vhd Line: 60
    Info (12134): Parameter "address_aclr_a" = "NONE"
    Info (12134): Parameter "address_aclr_b" = "NONE"
    Info (12134): Parameter "address_reg_b" = "CLOCK1"
    Info (12134): Parameter "byte_size" = "8"
    Info (12134): Parameter "byteena_aclr_a" = "UNUSED"
    Info (12134): Parameter "byteena_aclr_b" = "NONE"
    Info (12134): Parameter "byteena_reg_b" = "CLOCK1"
    Info (12134): Parameter "clock_enable_core_a" = "USE_INPUT_CLKEN"
    Info (12134): Parameter "clock_enable_core_b" = "USE_INPUT_CLKEN"
    Info (12134): Parameter "clock_enable_input_a" = "BYPASS"
    Info (12134): Parameter "clock_enable_input_b" = "NORMAL"
    Info (12134): Parameter "clock_enable_output_a" = "BYPASS"
    Info (12134): Parameter "clock_enable_output_b" = "NORMAL"
    Info (12134): Parameter "intended_device_family" = "MAX 10"
    Info (12134): Parameter "ecc_pipeline_stage_enabled" = "FALSE"
    Info (12134): Parameter "enable_ecc" = "FALSE"
    Info (12134): Parameter "implement_in_les" = "OFF"
    Info (12134): Parameter "indata_aclr_a" = "UNUSED"
    Info (12134): Parameter "indata_aclr_b" = "NONE"
    Info (12134): Parameter "indata_reg_b" = "CLOCK1"
    Info (12134): Parameter "init_file" = "../lab6QUIZ.mif"
    Info (12134): Parameter "init_file_layout" = "PORT_A"
    Info (12134): Parameter "maximum_depth" = "0"
    Info (12134): Parameter "numwords_a" = "32768"
    Info (12134): Parameter "numwords_b" = "0"
    Info (12134): Parameter "operation_mode" = "ROM"
    Info (12134): Parameter "outdata_aclr_a" = "NONE"
    Info (12134): Parameter "outdata_aclr_b" = "NONE"
    Info (12134): Parameter "outdata_reg_a" = "UNREGISTERED"
    Info (12134): Parameter "outdata_reg_b" = "UNREGISTERED"
    Info (12134): Parameter "power_up_uninitialized" = "FALSE"
    Info (12134): Parameter "ram_block_type" = "AUTO"
    Info (12134): Parameter "rdcontrol_aclr_b" = "NONE"
    Info (12134): Parameter "rdcontrol_reg_b" = "CLOCK1"
    Info (12134): Parameter "read_during_write_mode_mixed_ports" = "DONT_CARE"
    Info (12134): Parameter "read_during_write_mode_port_a" = "NEW_DATA_NO_NBE_READ"
    Info (12134): Parameter "read_during_write_mode_port_b" = "NEW_DATA_NO_NBE_READ"
    Info (12134): Parameter "stratixiv_m144k_allow_dual_clocks" = "ON"
    Info (12134): Parameter "width_a" = "8"
    Info (12134): Parameter "width_b" = "1"
    Info (12134): Parameter "width_byteena_a" = "1"
    Info (12134): Parameter "width_byteena_b" = "1"
    Info (12134): Parameter "width_eccstatus" = "3"
    Info (12134): Parameter "widthad_a" = "15"
    Info (12134): Parameter "widthad_b" = "1"
    Info (12134): Parameter "wrcontrol_aclr_a" = "UNUSED"
    Info (12134): Parameter "wrcontrol_aclr_b" = "NONE"
    Info (12134): Parameter "wrcontrol_wraddress_reg_b" = "CLOCK1"
    Info (12134): Parameter "lpm_hint" = "ENABLE_RUNTIME_MOD=NO"
    Info (12134): Parameter "lpm_type" = "altsyncram"
Info (12021): Found 1 design units, including 1 entities, in source file db/altsyncram_imr3.tdf
    Info (12023): Found entity 1: altsyncram_imr3 File: C:/Users/ebaes/Documents/GitHub/Class_Assignments/EEL3701_Digital_Logic/Labs/Lab6/Lab6_PART2/Lab6_PART2/db/altsyncram_imr3.tdf Line: 32
Info (12128): Elaborating entity "altsyncram_imr3" for hierarchy "Lab6_ROM:inst3|altsyncram:altsyncram_component|altsyncram_imr3:auto_generated" File: c:/altera_lite/25.1std/quartus/libraries/megafunctions/altsyncram.tdf Line: 792
Info (12021): Found 1 design units, including 1 entities, in source file db/decode_5j9.tdf
    Info (12023): Found entity 1: decode_5j9 File: C:/Users/ebaes/Documents/GitHub/Class_Assignments/EEL3701_Digital_Logic/Labs/Lab6/Lab6_PART2/Lab6_PART2/db/decode_5j9.tdf Line: 23
Info (12128): Elaborating entity "decode_5j9" for hierarchy "Lab6_ROM:inst3|altsyncram:altsyncram_component|altsyncram_imr3:auto_generated|decode_5j9:rden_decode" File: C:/Users/ebaes/Documents/GitHub/Class_Assignments/EEL3701_Digital_Logic/Labs/Lab6/Lab6_PART2/Lab6_PART2/db/altsyncram_imr3.tdf Line: 40
Info (12021): Found 1 design units, including 1 entities, in source file db/mux_s1b.tdf
    Info (12023): Found entity 1: mux_s1b File: C:/Users/ebaes/Documents/GitHub/Class_Assignments/EEL3701_Digital_Logic/Labs/Lab6/Lab6_PART2/Lab6_PART2/db/mux_s1b.tdf Line: 23
Info (12128): Elaborating entity "mux_s1b" for hierarchy "Lab6_ROM:inst3|altsyncram:altsyncram_component|altsyncram_imr3:auto_generated|mux_s1b:mux2" File: C:/Users/ebaes/Documents/GitHub/Class_Assignments/EEL3701_Digital_Logic/Labs/Lab6/Lab6_PART2/Lab6_PART2/db/altsyncram_imr3.tdf Line: 41
Info (12128): Elaborating entity "Lab6_RALU" for hierarchy "Lab6_RALU:inst"
Info (12128): Elaborating entity "74283" for hierarchy "Lab6_RALU:inst|74283:inst25"
Info (12130): Elaborated megafunction instantiation "Lab6_RALU:inst|74283:inst25"
Info (12128): Elaborating entity "f74283" for hierarchy "Lab6_RALU:inst|74283:inst25|f74283:sub" File: c:/altera_lite/25.1std/quartus/libraries/others/maxplus2/74283.tdf Line: 24
Info (12131): Elaborated megafunction instantiation "Lab6_RALU:inst|74283:inst25|f74283:sub", which is child of megafunction instantiation "Lab6_RALU:inst|74283:inst25" File: c:/altera_lite/25.1std/quartus/libraries/others/maxplus2/74283.tdf Line: 24
Info (12128): Elaborating entity "74153" for hierarchy "Lab6_RALU:inst|74153:inst9"
Info (12130): Elaborated megafunction instantiation "Lab6_RALU:inst|74153:inst9"
Info (12128): Elaborating entity "74151" for hierarchy "Lab6_RALU:inst|74151:inst26"
Info (12130): Elaborated megafunction instantiation "Lab6_RALU:inst|74151:inst26"
Info (12128): Elaborating entity "f74151" for hierarchy "Lab6_RALU:inst|74151:inst26|f74151:sub" File: c:/altera_lite/25.1std/quartus/libraries/others/maxplus2/74151.tdf Line: 24
Info (12131): Elaborated megafunction instantiation "Lab6_RALU:inst|74151:inst26|f74151:sub", which is child of megafunction instantiation "Lab6_RALU:inst|74151:inst26" File: c:/altera_lite/25.1std/quartus/libraries/others/maxplus2/74151.tdf Line: 24
Warning (12125): Using design file lab2_decoder.bdf, which is not specified as a design file for the current project, but contains definitions for 1 design units and 1 entities in project
    Info (12023): Found entity 1: lab2_decoder
Info (12128): Elaborating entity "lab2_decoder" for hierarchy "lab2_decoder:inst10"
Warning (14284): Synthesized away the following node(s):
    Warning (14285): Synthesized away the following RAM node(s):
        Warning (14320): Synthesized away node "Lab6_ROM:inst3|altsyncram:altsyncram_component|altsyncram_imr3:auto_generated|ram_block1a0" File: C:/Users/ebaes/Documents/GitHub/Class_Assignments/EEL3701_Digital_Logic/Labs/Lab6/Lab6_PART2/Lab6_PART2/db/altsyncram_imr3.tdf Line: 42
        Warning (14320): Synthesized away node "Lab6_ROM:inst3|altsyncram:altsyncram_component|altsyncram_imr3:auto_generated|ram_block1a1" File: C:/Users/ebaes/Documents/GitHub/Class_Assignments/EEL3701_Digital_Logic/Labs/Lab6/Lab6_PART2/Lab6_PART2/db/altsyncram_imr3.tdf Line: 64
        Warning (14320): Synthesized away node "Lab6_ROM:inst3|altsyncram:altsyncram_component|altsyncram_imr3:auto_generated|ram_block1a2" File: C:/Users/ebaes/Documents/GitHub/Class_Assignments/EEL3701_Digital_Logic/Labs/Lab6/Lab6_PART2/Lab6_PART2/db/altsyncram_imr3.tdf Line: 86
        Warning (14320): Synthesized away node "Lab6_ROM:inst3|altsyncram:altsyncram_component|altsyncram_imr3:auto_generated|ram_block1a3" File: C:/Users/ebaes/Documents/GitHub/Class_Assignments/EEL3701_Digital_Logic/Labs/Lab6/Lab6_PART2/Lab6_PART2/db/altsyncram_imr3.tdf Line: 108
        Warning (14320): Synthesized away node "Lab6_ROM:inst3|altsyncram:altsyncram_component|altsyncram_imr3:auto_generated|ram_block1a4" File: C:/Users/ebaes/Documents/GitHub/Class_Assignments/EEL3701_Digital_Logic/Labs/Lab6/Lab6_PART2/Lab6_PART2/db/altsyncram_imr3.tdf Line: 130
        Warning (14320): Synthesized away node "Lab6_ROM:inst3|altsyncram:altsyncram_component|altsyncram_imr3:auto_generated|ram_block1a5" File: C:/Users/ebaes/Documents/GitHub/Class_Assignments/EEL3701_Digital_Logic/Labs/Lab6/Lab6_PART2/Lab6_PART2/db/altsyncram_imr3.tdf Line: 152
        Warning (14320): Synthesized away node "Lab6_ROM:inst3|altsyncram:altsyncram_component|altsyncram_imr3:auto_generated|ram_block1a6" File: C:/Users/ebaes/Documents/GitHub/Class_Assignments/EEL3701_Digital_Logic/Labs/Lab6/Lab6_PART2/Lab6_PART2/db/altsyncram_imr3.tdf Line: 174
        Warning (14320): Synthesized away node "Lab6_ROM:inst3|altsyncram:altsyncram_component|altsyncram_imr3:auto_generated|ram_block1a7" File: C:/Users/ebaes/Documents/GitHub/Class_Assignments/EEL3701_Digital_Logic/Labs/Lab6/Lab6_PART2/Lab6_PART2/db/altsyncram_imr3.tdf Line: 196
        Warning (14320): Synthesized away node "Lab6_ROM:inst3|altsyncram:altsyncram_component|altsyncram_imr3:auto_generated|ram_block1a16" File: C:/Users/ebaes/Documents/GitHub/Class_Assignments/EEL3701_Digital_Logic/Labs/Lab6/Lab6_PART2/Lab6_PART2/db/altsyncram_imr3.tdf Line: 394
        Warning (14320): Synthesized away node "Lab6_ROM:inst3|altsyncram:altsyncram_component|altsyncram_imr3:auto_generated|ram_block1a17" File: C:/Users/ebaes/Documents/GitHub/Class_Assignments/EEL3701_Digital_Logic/Labs/Lab6/Lab6_PART2/Lab6_PART2/db/altsyncram_imr3.tdf Line: 416
        Warning (14320): Synthesized away node "Lab6_ROM:inst3|altsyncram:altsyncram_component|altsyncram_imr3:auto_generated|ram_block1a18" File: C:/Users/ebaes/Documents/GitHub/Class_Assignments/EEL3701_Digital_Logic/Labs/Lab6/Lab6_PART2/Lab6_PART2/db/altsyncram_imr3.tdf Line: 438
        Warning (14320): Synthesized away node "Lab6_ROM:inst3|altsyncram:altsyncram_component|altsyncram_imr3:auto_generated|ram_block1a19" File: C:/Users/ebaes/Documents/GitHub/Class_Assignments/EEL3701_Digital_Logic/Labs/Lab6/Lab6_PART2/Lab6_PART2/db/altsyncram_imr3.tdf Line: 460
        Warning (14320): Synthesized away node "Lab6_ROM:inst3|altsyncram:altsyncram_component|altsyncram_imr3:auto_generated|ram_block1a20" File: C:/Users/ebaes/Documents/GitHub/Class_Assignments/EEL3701_Digital_Logic/Labs/Lab6/Lab6_PART2/Lab6_PART2/db/altsyncram_imr3.tdf Line: 482
        Warning (14320): Synthesized away node "Lab6_ROM:inst3|altsyncram:altsyncram_component|altsyncram_imr3:auto_generated|ram_block1a21" File: C:/Users/ebaes/Documents/GitHub/Class_Assignments/EEL3701_Digital_Logic/Labs/Lab6/Lab6_PART2/Lab6_PART2/db/altsyncram_imr3.tdf Line: 504
        Warning (14320): Synthesized away node "Lab6_ROM:inst3|altsyncram:altsyncram_component|altsyncram_imr3:auto_generated|ram_block1a22" File: C:/Users/ebaes/Documents/GitHub/Class_Assignments/EEL3701_Digital_Logic/Labs/Lab6/Lab6_PART2/Lab6_PART2/db/altsyncram_imr3.tdf Line: 526
        Warning (14320): Synthesized away node "Lab6_ROM:inst3|altsyncram:altsyncram_component|altsyncram_imr3:auto_generated|ram_block1a23" File: C:/Users/ebaes/Documents/GitHub/Class_Assignments/EEL3701_Digital_Logic/Labs/Lab6/Lab6_PART2/Lab6_PART2/db/altsyncram_imr3.tdf Line: 548
        Warning (14320): Synthesized away node "Lab6_ROM:inst3|altsyncram:altsyncram_component|altsyncram_imr3:auto_generated|ram_block1a24" File: C:/Users/ebaes/Documents/GitHub/Class_Assignments/EEL3701_Digital_Logic/Labs/Lab6/Lab6_PART2/Lab6_PART2/db/altsyncram_imr3.tdf Line: 570
        Warning (14320): Synthesized away node "Lab6_ROM:inst3|altsyncram:altsyncram_component|altsyncram_imr3:auto_generated|ram_block1a25" File: C:/Users/ebaes/Documents/GitHub/Class_Assignments/EEL3701_Digital_Logic/Labs/Lab6/Lab6_PART2/Lab6_PART2/db/altsyncram_imr3.tdf Line: 592
        Warning (14320): Synthesized away node "Lab6_ROM:inst3|altsyncram:altsyncram_component|altsyncram_imr3:auto_generated|ram_block1a26" File: C:/Users/ebaes/Documents/GitHub/Class_Assignments/EEL3701_Digital_Logic/Labs/Lab6/Lab6_PART2/Lab6_PART2/db/altsyncram_imr3.tdf Line: 614
        Warning (14320): Synthesized away node "Lab6_ROM:inst3|altsyncram:altsyncram_component|altsyncram_imr3:auto_generated|ram_block1a27" File: C:/Users/ebaes/Documents/GitHub/Class_Assignments/EEL3701_Digital_Logic/Labs/Lab6/Lab6_PART2/Lab6_PART2/db/altsyncram_imr3.tdf Line: 636
        Warning (14320): Synthesized away node "Lab6_ROM:inst3|altsyncram:altsyncram_component|altsyncram_imr3:auto_generated|ram_block1a28" File: C:/Users/ebaes/Documents/GitHub/Class_Assignments/EEL3701_Digital_Logic/Labs/Lab6/Lab6_PART2/Lab6_PART2/db/altsyncram_imr3.tdf Line: 658
        Warning (14320): Synthesized away node "Lab6_ROM:inst3|altsyncram:altsyncram_component|altsyncram_imr3:auto_generated|ram_block1a29" File: C:/Users/ebaes/Documents/GitHub/Class_Assignments/EEL3701_Digital_Logic/Labs/Lab6/Lab6_PART2/Lab6_PART2/db/altsyncram_imr3.tdf Line: 680
        Warning (14320): Synthesized away node "Lab6_ROM:inst3|altsyncram:altsyncram_component|altsyncram_imr3:auto_generated|ram_block1a30" File: C:/Users/ebaes/Documents/GitHub/Class_Assignments/EEL3701_Digital_Logic/Labs/Lab6/Lab6_PART2/Lab6_PART2/db/altsyncram_imr3.tdf Line: 702
        Warning (14320): Synthesized away node "Lab6_ROM:inst3|altsyncram:altsyncram_component|altsyncram_imr3:auto_generated|ram_block1a31" File: C:/Users/ebaes/Documents/GitHub/Class_Assignments/EEL3701_Digital_Logic/Labs/Lab6/Lab6_PART2/Lab6_PART2/db/altsyncram_imr3.tdf Line: 724
Info (13014): Ignored 30 buffer(s)
    Info (13015): Ignored 10 CARRY buffer(s)
    Info (13017): Ignored 8 CASCADE buffer(s)
    Info (13019): Ignored 12 SOFT buffer(s)
Warning (13024): Output pins are stuck at VCC or GND
    Warning (13410): Pin "A[14]" is stuck at GND
    Warning (13410): Pin "A[13]" is stuck at VCC
    Warning (13410): Pin "A[12]" is stuck at GND
    Warning (13410): Pin "A[11]" is stuck at VCC
    Warning (13410): Pin "A[10]" is stuck at GND
    Warning (13410): Pin "A[9]" is stuck at GND
    Warning (13410): Pin "A[8]" is stuck at VCC
    Warning (13410): Pin "A[7]" is stuck at GND
    Warning (13410): Pin "A[6]" is stuck at VCC
    Warning (13410): Pin "A[5]" is stuck at GND
    Warning (13410): Pin "A[4]" is stuck at GND
Info (286030): Timing-Driven Synthesis is running
Info (17036): Removed 9 MSB VCC or GND address nodes from RAM block "Lab6_ROM:inst3|altsyncram:altsyncram_component|altsyncram_imr3:auto_generated|ALTSYNCRAM" File: C:/Users/ebaes/Documents/GitHub/Class_Assignments/EEL3701_Digital_Logic/Labs/Lab6/Lab6_PART2/Lab6_PART2/db/altsyncram_imr3.tdf Line: 372
Info (16010): Generating hard_block partition "hard_block:auto_generated_inst"
    Info (16011): Adding 0 node(s), including 0 DDIO, 0 PLL, 0 transceiver and 0 LCELL
Info (21057): Implemented 169 device resources after synthesis - the final resource count might be different
    Info (21058): Implemented 4 input pins
    Info (21059): Implemented 70 output pins
    Info (21061): Implemented 87 logic cells
    Info (21064): Implemented 8 RAM segments
Info: Quartus Prime Analysis & Synthesis was successful. 0 errors, 40 warnings
    Info: Peak virtual memory: 4954 megabytes
    Info: Processing ended: Tue Apr  7 19:03:34 2026
    Info: Elapsed time: 00:00:11
    Info: Total CPU time (on all processors): 00:00:23


