Archive Project report for Quiz5
Tue Mar 24 19:16:26 2026
Quartus Prime Version 25.1std.0 Build 1129 10/21/2025 SC Lite Edition


---------------------
; Table of Contents ;
---------------------
  1. Legal Notice
  2. Archive Project Summary
  3. Archive Project Messages
  4. Files Archived



----------------
; Legal Notice ;
----------------
Copyright (C) 2025  Altera Corporation. All rights reserved.
Your use of Altera Corporation's design tools, logic functions 
and other software and tools, and any partner logic 
functions, and any output files from any of the foregoing 
(including device programming or simulation files), and any 
associated documentation or information are expressly subject 
to the terms and conditions of the Altera Program License 
Subscription Agreement, the Altera Quartus Prime License Agreement,
the Altera IP License Agreement, or other applicable license
agreement, including, without limitation, that your use is for
the sole purpose of programming logic devices manufactured by
Altera and sold by Altera or its authorized distributors.  Please
refer to the Altera Software License Subscription Agreements 
on the Quartus Prime software download page.



+----------------------------------------------------------------+
; Archive Project Summary                                        ;
+------------------------+---------------------------------------+
; Archive Project Status ; Successful - Tue Mar 24 19:16:26 2026 ;
; Revision Name          ; Quiz5                                 ;
; Top-level Entity Name  ; Quiz5                                 ;
; Family                 ; MAX 10                                ;
+------------------------+---------------------------------------+


+--------------------------+
; Archive Project Messages ;
+--------------------------+
Info: File Set 'Source control' contains:
    Info: Project source and settings files
    Info: Automatically detected source files
Warning: Hierarchical Platform Designer systems and custom IP components(_hw.tcl and associated files) are not archived by the Quartus Archiver
Critical Warning: Analysis & Elaboration was not run successfully.
    Critical Warning: The 'Automatically detected source files' file subset will attempt to guess which files are needed. The archive file will likely be larger than required and may still be incomplete.
Warning (225003): Can't find required hierarchy file BDF.bdf
Info: Parsing: Quiz5.bdf
Info: Parsing: Vhdl1.vhd
Info: Parsing: quiz5.bdf
Info: Archive will store files relative to the closest common parent directory
Info (13213): Using common directory C:/Users/ebaes/Documents/GitHub/Class_Assignments/EEL3701_Digital_Logic/Quiz/Quiz5/
Info: ----------------------------------------------------------
Info: ----------------------------------------------------------
Info: Generated archive 'C:/Users/ebaes/Documents/GitHub/Class_Assignments/EEL3701_Digital_Logic/Quiz/Quiz5/Quiz5.qar'
Info: ----------------------------------------------------------
Info: ----------------------------------------------------------
Info: Generated report 'Quiz5.archive.rpt'
Error (23031): Evaluation of Tcl script c:/altera_lite/25.1std/quartus/common/tcl/apps/qpm/qar.tcl unsuccessful
Error: Quartus Prime Shell was unsuccessful. 5 errors, 6 warnings
    Error: Peak virtual memory: 4860 megabytes
    Error: Processing ended: Tue Mar 24 19:16:26 2026
    Error: Elapsed time: 00:00:10
    Error: Total CPU time (on all processors): 00:00:21


+--------------------------------------------------------------+
; Files Archived                                               ;
+--------------------------------------------------------------+
; File Name                                                    ;
+--------------------------------------------------------------+
; c:/altera_lite/25.1std/quartus/bin64/assignment_defaults.qdf ;
; output_files/Quiz5.asm.rpt                                   ;
; output_files/Quiz5.done                                      ;
; output_files/Quiz5.eda.rpt                                   ;
; output_files/Quiz5.fit.rpt                                   ;
; output_files/Quiz5.fit.smsg                                  ;
; output_files/Quiz5.fit.summary                               ;
; output_files/Quiz5.flow.rpt                                  ;
; output_files/Quiz5.jdi                                       ;
; output_files/Quiz5.map.rpt                                   ;
; output_files/Quiz5.map.summary                               ;
; output_files/Quiz5.pin                                       ;
; output_files/Quiz5.pof                                       ;
; output_files/Quiz5.sld                                       ;
; output_files/Quiz5.sof                                       ;
; output_files/Quiz5.sta.rpt                                   ;
; output_files/Quiz5.sta.summary                               ;
; Quiz5.bdf                                                    ;
; quiz5.bdf                                                    ;
; Quiz5.qpf                                                    ;
; Quiz5.qsf                                                    ;
; quiz5block.bsf                                               ;
; Vhdl1.vhd                                                    ;
; Waveform.vwf                                                 ;
+--------------------------------------------------------------+


