Flow report for computer
Tue Apr 21 19:49:45 2026
Quartus Prime Version 25.1std.0 Build 1129 10/21/2025 SC Lite Edition


---------------------
; Table of Contents ;
---------------------
  1. Legal Notice
  2. Flow Summary
  3. Flow Settings
  4. Flow Non-Default Global Settings
  5. Flow Elapsed Time
  6. Flow OS Summary
  7. Flow Log
  8. Flow Messages
  9. Flow Suppressed Messages



----------------
; Legal Notice ;
----------------
Copyright (C) 2025  Altera Corporation. All rights reserved.
Your use of Altera Corporation's design tools, logic functions 
and other software and tools, and any partner logic 
functions, and any output files from any of the foregoing 
(including device programming or simulation files), and any 
associated documentation or information are expressly subject 
to the terms and conditions of the Altera Program License 
Subscription Agreement, the Altera Quartus Prime License Agreement,
the Altera IP License Agreement, or other applicable license
agreement, including, without limitation, that your use is for
the sole purpose of programming logic devices manufactured by
Altera and sold by Altera or its authorized distributors.  Please
refer to the Altera Software License Subscription Agreements 
on the Quartus Prime software download page.



+--------------------------------------------------------------------------------------+
; Flow Summary                                                                         ;
+------------------------------------+-------------------------------------------------+
; Flow Status                        ; Successful - Tue Apr 21 19:49:42 2026           ;
; Quartus Prime Version              ; 25.1std.0 Build 1129 10/21/2025 SC Lite Edition ;
; Revision Name                      ; computer                                        ;
; Top-level Entity Name              ; computer_programming                            ;
; Family                             ; MAX 10                                          ;
; Device                             ; 10M50DAF484C6GES                                ;
; Timing Models                      ; Preliminary                                     ;
; Total logic elements               ; 685 / 49,760 ( 1 % )                            ;
;     Total combinational functions  ; 673 / 49,760 ( 1 % )                            ;
;     Dedicated logic registers      ; 121 / 49,760 ( < 1 % )                          ;
; Total registers                    ; 121                                             ;
; Total pins                         ; 44 / 360 ( 12 % )                               ;
; Total virtual pins                 ; 0                                               ;
; Total memory bits                  ; 589,824 / 1,677,312 ( 35 % )                    ;
; Embedded Multiplier 9-bit elements ; 0 / 288 ( 0 % )                                 ;
; Total PLLs                         ; 0 / 4 ( 0 % )                                   ;
; UFM blocks                         ; 0 / 1 ( 0 % )                                   ;
; ADC blocks                         ; 0 / 2 ( 0 % )                                   ;
+------------------------------------+-------------------------------------------------+


+-----------------------------------------+
; Flow Settings                           ;
+-------------------+---------------------+
; Option            ; Setting             ;
+-------------------+---------------------+
; Start date & time ; 04/21/2026 19:49:05 ;
; Main task         ; Compilation         ;
; Revision Name     ; computer            ;
+-------------------+---------------------+


+----------------------------------------------------------------------------------------------------------------------------------+
; Flow Non-Default Global Settings                                                                                                 ;
+-------------------------------------+----------------------------------------+---------------+----------------------+------------+
; Assignment Name                     ; Value                                  ; Default Value ; Entity Name          ; Section Id ;
+-------------------------------------+----------------------------------------+---------------+----------------------+------------+
; COMPILER_SIGNATURE_ID               ; 202976401703251.177681534525140        ; --            ; --                   ; --         ;
; MAX_CORE_JUNCTION_TEMP              ; 85                                     ; --            ; --                   ; --         ;
; MIN_CORE_JUNCTION_TEMP              ; 0                                      ; --            ; --                   ; --         ;
; MISC_FILE                           ; EEPROM.bsf                             ; --            ; --                   ; --         ;
; MISC_FILE                           ; SRAM.bsf                               ; --            ; --                   ; --         ;
; MISC_FILE                           ; EPROM.bsf                              ; --            ; --                   ; --         ;
; MISC_FILE                           ; CONTROLLER_ROM.bsf                     ; --            ; --                   ; --         ;
; OUTPUT_IO_TIMING_FAR_END_VMEAS      ; Half Signal Swing                      ; --            ; --                   ; --         ;
; OUTPUT_IO_TIMING_FAR_END_VMEAS      ; Half Signal Swing                      ; --            ; --                   ; --         ;
; OUTPUT_IO_TIMING_NEAR_END_VMEAS     ; Half Vccio                             ; --            ; --                   ; --         ;
; OUTPUT_IO_TIMING_NEAR_END_VMEAS     ; Half Vccio                             ; --            ; --                   ; --         ;
; PARTITION_COLOR                     ; -- (Not supported for targeted family) ; --            ; computer_programming ; Top        ;
; PARTITION_FITTER_PRESERVATION_LEVEL ; -- (Not supported for targeted family) ; --            ; computer_programming ; Top        ;
; PARTITION_NETLIST_TYPE              ; -- (Not supported for targeted family) ; --            ; computer_programming ; Top        ;
; POWER_BOARD_THERMAL_MODEL           ; None (CONSERVATIVE)                    ; --            ; --                   ; --         ;
; POWER_PRESET_COOLING_SOLUTION       ; 23 MM HEAT SINK WITH 200 LFPM AIRFLOW  ; --            ; --                   ; --         ;
; SEARCH_PATH                         ; alu/                                   ; --            ; --                   ; --         ;
; SEARCH_PATH                         ; controller/                            ; --            ; --                   ; --         ;
; SEARCH_PATH                         ; cpu/                                   ; --            ; --                   ; --         ;
; SEARCH_PATH                         ; ir/                                    ; --            ; --                   ; --         ;
; SEARCH_PATH                         ; pc_mar_ix/                             ; --            ; --                   ; --         ;
; SEARCH_PATH                         ; xdr_ydr/                               ; --            ; --                   ; --         ;
; TOP_LEVEL_ENTITY                    ; computer_programming                   ; computer      ; --                   ; --         ;
+-------------------------------------+----------------------------------------+---------------+----------------------+------------+


+--------------------------------------------------------------------------------------------------------------------------+
; Flow Elapsed Time                                                                                                        ;
+----------------------+--------------+-------------------------+---------------------+------------------------------------+
; Module Name          ; Elapsed Time ; Average Processors Used ; Peak Virtual Memory ; Total CPU Time (on all processors) ;
+----------------------+--------------+-------------------------+---------------------+------------------------------------+
; Analysis & Synthesis ; 00:00:13     ; 1.0                     ; 4969 MB             ; 00:00:22                           ;
; Fitter               ; 00:00:19     ; 1.4                     ; 6321 MB             ; 00:00:36                           ;
; Assembler            ; 00:00:03     ; 1.0                     ; 4838 MB             ; 00:00:02                           ;
; Timing Analyzer      ; 00:00:02     ; 2.4                     ; 4983 MB             ; 00:00:04                           ;
; Total                ; 00:00:37     ; --                      ; --                  ; 00:01:04                           ;
+----------------------+--------------+-------------------------+---------------------+------------------------------------+


+------------------------------------------------------------------------------------+
; Flow OS Summary                                                                    ;
+----------------------+------------------+------------+------------+----------------+
; Module Name          ; Machine Hostname ; OS Name    ; OS Version ; Processor type ;
+----------------------+------------------+------------+------------+----------------+
; Analysis & Synthesis ; Evan-Baesler     ; Windows 10 ; 10.0       ; x86_64         ;
; Fitter               ; Evan-Baesler     ; Windows 10 ; 10.0       ; x86_64         ;
; Assembler            ; Evan-Baesler     ; Windows 10 ; 10.0       ; x86_64         ;
; Timing Analyzer      ; Evan-Baesler     ; Windows 10 ; 10.0       ; x86_64         ;
+----------------------+------------------+------------+------------+----------------+


------------
; Flow Log ;
------------
quartus_map --read_settings_files=on --write_settings_files=off computer -c computer
quartus_fit --read_settings_files=off --write_settings_files=off computer -c computer
quartus_asm --read_settings_files=off --write_settings_files=off computer -c computer
quartus_sta computer -c computer



