Flow report for lab1a
Sat Jan 31 21:42:30 2026
Quartus Prime Version 25.1std.0 Build 1129 10/21/2025 SC Lite Edition


---------------------
; Table of Contents ;
---------------------
  1. Legal Notice
  2. Flow Summary
  3. Flow Settings
  4. Flow Non-Default Global Settings
  5. Flow Elapsed Time
  6. Flow OS Summary
  7. Flow Log
  8. Flow Messages
  9. Flow Suppressed Messages



----------------
; Legal Notice ;
----------------
Copyright (C) 2025  Altera Corporation. All rights reserved.
Your use of Altera Corporation's design tools, logic functions 
and other software and tools, and any partner logic 
functions, and any output files from any of the foregoing 
(including device programming or simulation files), and any 
associated documentation or information are expressly subject 
to the terms and conditions of the Altera Program License 
Subscription Agreement, the Altera Quartus Prime License Agreement,
the Altera IP License Agreement, or other applicable license
agreement, including, without limitation, that your use is for
the sole purpose of programming logic devices manufactured by
Altera and sold by Altera or its authorized distributors.  Please
refer to the Altera Software License Subscription Agreements 
on the Quartus Prime software download page.



+-------------------------------------------------------------------------+
; Flow Summary                                                            ;
+-----------------------+-------------------------------------------------+
; Flow Status           ; Successful - Sat Jan 31 21:42:30 2026           ;
; Quartus Prime Version ; 25.1std.0 Build 1129 10/21/2025 SC Lite Edition ;
; Revision Name         ; lab1a                                           ;
; Top-level Entity Name ; lab1a                                           ;
; Family                ; MAX V                                           ;
; Total logic elements  ; 1 / 40 ( 3 % )                                  ;
; Total pins            ; 5 / 30 ( 17 % )                                 ;
; Total virtual pins    ; 0                                               ;
; UFM blocks            ; 0 / 1 ( 0 % )                                   ;
; Device                ; 5M40ZM64C4                                      ;
; Timing Models         ; Final                                           ;
+-----------------------+-------------------------------------------------+


+-----------------------------------------+
; Flow Settings                           ;
+-------------------+---------------------+
; Option            ; Setting             ;
+-------------------+---------------------+
; Start date & time ; 01/31/2026 21:33:07 ;
; Main task         ; Compilation         ;
; Revision Name     ; lab1a               ;
+-------------------+---------------------+


+------------------------------------------------------------------------------------------------------------------------------------+
; Flow Non-Default Global Settings                                                                                                   ;
+---------------------------------+--------------------------------+---------------+-------------+-----------------------------------+
; Assignment Name                 ; Value                          ; Default Value ; Entity Name ; Section Id                        ;
+---------------------------------+--------------------------------+---------------+-------------+-----------------------------------+
; COMPILER_SIGNATURE_ID           ; 90388129005907.176991318733004 ; --            ; --          ; --                                ;
; EDA_GENERATE_FUNCTIONAL_NETLIST ; Off                            ; --            ; --          ; eda_board_design_timing           ;
; EDA_GENERATE_FUNCTIONAL_NETLIST ; Off                            ; --            ; --          ; eda_board_design_boundary_scan    ;
; EDA_GENERATE_FUNCTIONAL_NETLIST ; Off                            ; --            ; --          ; eda_board_design_signal_integrity ;
; EDA_GENERATE_FUNCTIONAL_NETLIST ; Off                            ; --            ; --          ; eda_board_design_symbol           ;
; EDA_OUTPUT_DATA_FORMAT          ; Vhdl                           ; --            ; --          ; eda_simulation                    ;
; EDA_SIMULATION_TOOL             ; Questa Altera FPGA (VHDL)      ; <None>        ; --          ; --                                ;
; EDA_TIME_SCALE                  ; 1 ps                           ; --            ; --          ; eda_simulation                    ;
; PROJECT_OUTPUT_DIRECTORY        ; output_files                   ; --            ; --          ; --                                ;
+---------------------------------+--------------------------------+---------------+-------------+-----------------------------------+


+--------------------------------------------------------------------------------------------------------------------------+
; Flow Elapsed Time                                                                                                        ;
+----------------------+--------------+-------------------------+---------------------+------------------------------------+
; Module Name          ; Elapsed Time ; Average Processors Used ; Peak Virtual Memory ; Total CPU Time (on all processors) ;
+----------------------+--------------+-------------------------+---------------------+------------------------------------+
; Analysis & Synthesis ; 00:00:08     ; 1.0                     ; 4724 MB             ; 00:00:16                           ;
; Fitter               ; 00:00:02     ; 1.0                     ; 5903 MB             ; 00:00:01                           ;
; Assembler            ; 00:00:00     ; 1.0                     ; 4687 MB             ; 00:00:00                           ;
; Timing Analyzer      ; 00:00:01     ; 1.0                     ; 4698 MB             ; 00:00:01                           ;
; EDA Netlist Writer   ; 00:00:00     ; 1.0                     ; 4642 MB             ; 00:00:00                           ;
; EDA Netlist Writer   ; 00:00:01     ; 1.0                     ; 4641 MB             ; 00:00:00                           ;
; EDA Netlist Writer   ; 00:00:00     ; 1.0                     ; 4642 MB             ; 00:00:00                           ;
; EDA Netlist Writer   ; 00:00:00     ; 1.0                     ; 4642 MB             ; 00:00:00                           ;
; EDA Netlist Writer   ; 00:00:00     ; 1.0                     ; 4642 MB             ; 00:00:00                           ;
; Total                ; 00:00:12     ; --                      ; --                  ; 00:00:18                           ;
+----------------------+--------------+-------------------------+---------------------+------------------------------------+


+------------------------------------------------------------------------------------+
; Flow OS Summary                                                                    ;
+----------------------+------------------+------------+------------+----------------+
; Module Name          ; Machine Hostname ; OS Name    ; OS Version ; Processor type ;
+----------------------+------------------+------------+------------+----------------+
; Analysis & Synthesis ; Evan-Baesler     ; Windows 10 ; 10.0       ; x86_64         ;
; Fitter               ; Evan-Baesler     ; Windows 10 ; 10.0       ; x86_64         ;
; Assembler            ; Evan-Baesler     ; Windows 10 ; 10.0       ; x86_64         ;
; Timing Analyzer      ; Evan-Baesler     ; Windows 10 ; 10.0       ; x86_64         ;
; EDA Netlist Writer   ; Evan-Baesler     ; Windows 10 ; 10.0       ; x86_64         ;
; EDA Netlist Writer   ; Evan-Baesler     ; Windows 10 ; 10.0       ; x86_64         ;
; EDA Netlist Writer   ; Evan-Baesler     ; Windows 10 ; 10.0       ; x86_64         ;
; EDA Netlist Writer   ; Evan-Baesler     ; Windows 10 ; 10.0       ; x86_64         ;
; EDA Netlist Writer   ; Evan-Baesler     ; Windows 10 ; 10.0       ; x86_64         ;
+----------------------+------------------+------------+------------+----------------+


------------
; Flow Log ;
------------
quartus_map --read_settings_files=on --write_settings_files=off lab1a -c lab1a
quartus_fit --read_settings_files=off --write_settings_files=off lab1a -c lab1a
quartus_asm --read_settings_files=off --write_settings_files=off lab1a -c lab1a
quartus_sta lab1a -c lab1a
quartus_eda --read_settings_files=off --write_settings_files=off lab1a -c lab1a
quartus_eda --gen_testbench --tool=modelsim_oem --format=verilog --write_settings_files=off lab1a -c lab1a --vector_source=C:/Users/ebaes/Documents/GitHub/Class_Assignments/EEL3701_Digital_Logic/Labs/Lab1/lab1a/Waveform.vwf --testbench_file=C:/Users/ebaes/Documents/GitHub/Class_Assignments/EEL3701_Digital_Logic/Labs/Lab1/lab1a/simulation/qsim/Waveform.vwf.vt
quartus_eda --write_settings_files=off --simulation=on --functional=on --flatten_buses=off --tool=modelsim_oem --format=verilog --output_directory=C:/Users/ebaes/Documents/GitHub/Class_Assignments/EEL3701_Digital_Logic/Labs/Lab1/lab1a/simulation/qsim/ lab1a -c lab1a
quartus_eda --gen_testbench --tool=modelsim_oem --format=verilog --write_settings_files=off lab1a -c lab1a --vector_source=C:/Users/ebaes/Documents/GitHub/Class_Assignments/EEL3701_Digital_Logic/Labs/Lab1/lab1a/Waveform.vwf --testbench_file=C:/Users/ebaes/Documents/GitHub/Class_Assignments/EEL3701_Digital_Logic/Labs/Lab1/lab1a/simulation/qsim/Waveform.vwf.vt
quartus_eda --write_settings_files=off --simulation=on --functional=on --flatten_buses=off --tool=modelsim_oem --format=verilog --output_directory=C:/Users/ebaes/Documents/GitHub/Class_Assignments/EEL3701_Digital_Logic/Labs/Lab1/lab1a/simulation/qsim/ lab1a -c lab1a



